#-----------------------------------------------------------
# Webtalk v2020.2 (64-bit)
# SW Build 3064766 on Wed Nov 18 09:12:45 MST 2020
# IP Build 3064653 on Wed Nov 18 14:17:31 MST 2020
# Start of session at: Wed Feb  9 14:15:33 2022
# Process ID: 11976
# Current directory: C:/Users/steph/OneDrive/Desktop/School/Microprocessor Architecture/homework2/homework2.sim/sim_1/behav/xsim
# Command line: wbtcv.exe -mode batch -source C:/Users/steph/OneDrive/Desktop/School/Microprocessor Architecture/homework2/homework2.sim/sim_1/behav/xsim/xsim.dir/homework2TB_behav/webtalk/xsim_webtalk.tcl -notrace
# Log file: C:/Users/steph/OneDrive/Desktop/School/Microprocessor Architecture/homework2/homework2.sim/sim_1/behav/xsim/webtalk.log
# Journal file: C:/Users/steph/OneDrive/Desktop/School/Microprocessor Architecture/homework2/homework2.sim/sim_1/behav/xsim\webtalk.jou
#-----------------------------------------------------------
source C:/Users/steph/OneDrive/Desktop/School/Microprocessor -notrace
